******************************************************************************
                  TI ARM Linker PC v5.2.5                      
******************************************************************************
>> Linked Sun Jan 31 01:45:22 2016

OUTPUT FILE NAME:   <http_temp_sensor.out>
ENTRY POINT SYMBOL: "_c_int00"  address: 2000d235


MEMORY CONFIGURATION

         name            origin    length      used     unused   attr    fill
----------------------  --------  ---------  --------  --------  ----  --------
  SRAM_CODE             20004000   00012fff  0000ab2a  000084d5  RW X
  SRAM_DATA             20017000   00019000  000019ce  00017632  RW X


SEGMENT ALLOCATION MAP

run origin  load origin   length   init length attrs members
----------  ----------- ---------- ----------- ----- -------
20004000    20004000    0000ab30   0000ab30    r-x
  20004000    20004000    00000400   00000400    r-- .intvecs
  20004400    20004400    00009f5a   00009f5a    r-x .text
  2000e35c    2000e35c    00000748   00000748    r-- .const
  2000eaa8    2000eaa8    00000088   00000088    r-- .cinit
20017000    20017000    000011d0   00000000    rw-
  20017000    20017000    00000800   00000000    rw- .sysmem
  20017800    20017800    000007d6   00000000    rw- .bss
  20017fd8    20017fd8    000001f8   00000000    rw- .data
2002f800    2002f800    00000800   00000000    rw-
  2002f800    2002f800    00000800   00000000    rw- .stack


SECTION ALLOCATION MAP

 output                                  attributes/
section   page    origin      length       input sections
--------  ----  ----------  ----------   ----------------
.intvecs   0    20004000    00000400     
                  20004000    00000400     startup_ccs.obj (.intvecs)

.init_array 
*          0    20004000    00000000     UNINITIALIZED

.text      0    20004400    00009f5a     
                  20004400    0000135c     main.obj (.text)
                  2000575c    000010ba     rtsv7M4_T_le_v4SPD16_eabi.lib : _printfi.obj (.text)
                  20006816    00000002     driverlib.a : interrupt.obj (.text:IntDefaultHandler)
                  20006818    00000fc4     webclient.a : httpcli.obj (.text)
                  200077dc    000005f0     json.a : jsmn.obj (.text)
                  20007dcc    000005ec     simplelink.a : driver.obj (.text:_SlDrvMsgRead)
                  200083b8    000003dc     rtsv7M4_T_le_v4SPD16_eabi.lib : memory.obj (.text)
                  20008794    0000039c     gpio_if.obj (.text)
                  20008b30    000002ea     webclient.a : ssock.obj (.text)
                  20008e1a    00000002     --HOLE-- [fill = 0]
                  20008e1c    00000280     uart_if.obj (.text)
                  2000909c    00000248     simplelink.a : driver.obj (.text:_SlDrvRxHdrRead)
                  200092e4    00000244                  : wlan.obj (.text:sl_WlanConnect)
                  20009528    000001f4     rtsv7M4_T_le_v4SPD16_eabi.lib : ull_div_t2.obj (.text)
                  2000971c    000001d0     simplelink.a : driver.obj (.text:_SlDrvReleasePoolObj)
                  200098ec    000001cc                  : driver.obj (.text:_SlDrvMsgWrite)
                  20009ab8    000001b6     rtsv7M4_T_le_v4SPD16_eabi.lib : fd_add_t2.obj (.text)
                  20009c6e    00000002     --HOLE-- [fill = 0]
                  20009c70    00000198     timer_if.obj (.text)
                  20009e08    00000190     simplelink.a : driver.obj (.text:_SlDrvWaitForPoolObj)
                  20009f98    00000188                  : driver.obj (.text:_SlDrvDriverCBInit)
                  2000a120    00000170                  : driver.obj (.text:_SlFindAndSetActiveObj)
                  2000a290    00000144                  : cc_pal.obj (.text:spi_Open)
                  2000a3d4    00000136     rtsv7M4_T_le_v4SPD16_eabi.lib : fd_div_t2.obj (.text)
                  2000a50a    00000002     --HOLE-- [fill = 0]
                  2000a50c    00000134     driverlib.a : prcm.obj (.text:PRCMCC3200MCUInit)
                  2000a640    0000012c     simplelink.a : driver.obj (.text:_SlDrvDataReadOp)
                  2000a76c    00000114     rtsv7M4_T_le_v4SPD16_eabi.lib : strtoul.obj (.text)
                  2000a880    00000110                                   : xdscale.obj (.text)
                  2000a990    00000108     simplelink.a : driver.obj (.text:_SlDrvDataWriteOp)
                  2000aa98    00000108                  : socket.obj (.text:sl_Connect)
                  2000aba0    00000108                  : socket.obj (.text:sl_Send)
                  2000aca8    00000104                  : netapp.obj (.text:sl_NetAppDnsGetHostByName)
                  2000adac    00000100                  : driver.obj (.text:_SlDrvDriverCBDeinit)
                  2000aeac    000000fe                  : netapp.obj (.text:_SlDrvNetAppEventHandler)
                  2000afaa    000000fc     rtsv7M4_T_le_v4SPD16_eabi.lib : fd_mul_t2.obj (.text)
                  2000b0a6    00000002     --HOLE-- [fill = 0]
                  2000b0a8    000000f0     simplelink.a : cc_pal.obj (.text:spi_Read)
                  2000b198    000000f0     driverlib.a : udma.obj (.text:uDMAChannelTransferSet)
                  2000b288    000000d8     simplelink.a : driver.obj (.text:_SlDrvClassifyRxMsg)
                  2000b360    000000d4                  : device.obj (.text:sl_Stop)
                  2000b434    000000c8                  : netapp.obj (.text:_sl_HandleAsync_DnsGetHostByService)
                  2000b4fc    000000c0                  : driver.obj (.text:_SlDrvMsgReadCmdCtx)
                  2000b5bc    000000c0                  : driver.obj (.text:_SlRemoveFromList)
                  2000b67c    000000be     rtsv7M4_T_le_v4SPD16_eabi.lib : xdnorm.obj (.text)
                  2000b73a    00000002     --HOLE-- [fill = 0]
                  2000b73c    000000bc     simplelink.a : device.obj (.text:sl_Start)
                  2000b7f8    000000b8                  : driver.obj (.text:_SlAsyncEventGenericHandler)
                  2000b8b0    000000b4                  : netapp.obj (.text:sl_NetAppMDNSRegisterUnregisterService)
                  2000b964    000000a8     driverlib.a : interrupt.obj (.text:IntDisable)
                  2000ba0c    000000a8                 : interrupt.obj (.text:IntEnable)
                  2000bab4    000000a0                 : spi.obj (.text:SPIConfigSetExpClk)
                  2000bb54    0000009c     simplelink.a : driver.obj (.text:_SlDrvMsgReadSpawnCtx)
                  2000bbf0    0000009c     rtsv7M4_T_le_v4SPD16_eabi.lib : memcpy_t2.obj (.text)
                  2000bc8c    0000009c     simplelink.a : device.obj (.text:sl_DevGet)
                  2000bd28    00000098                  : cc_pal.obj (.text:spi_Write)
                  2000bdc0    00000094     driverlib.a : prcm.obj (.text:PRCMPeripheralClockGet)
                  2000be54    0000008c     simplelink.a : cc_pal.obj (.text:SetupDMAReceive)
                  2000bee0    0000008c                  : cc_pal.obj (.text:SetupDMASend)
                  2000bf6c    0000008c                  : netapp.obj (.text:_sl_HandleAsync_DnsGetHostByName)
                  2000bff8    0000008c                  : netapp.obj (.text:_sl_HandleAsync_PingResponse)
                  2000c084    00000088     driverlib.a : pin.obj (.text:PinConfigSet)
                  2000c10c    00000088     rtsv7M4_T_le_v4SPD16_eabi.lib : vsnprintf.obj (.text)
                  2000c194    00000086                                   : fd_cmp_t2.obj (.text:__aeabi_cdcmple)
                  2000c21a    00000086                                   : fd_cmp_t2.obj (.text:__aeabi_cdrcmple)
                  2000c2a0    00000084     simplelink.a : cc_pal.obj (.text:NwpPowerOnPreamble)
                  2000c324    00000082     driverlib.a : gpio.obj (.text:GPIOIntTypeSet)
                  2000c3a6    00000002     --HOLE-- [fill = 0]
                  2000c3a8    00000080     simplelink.a : driver.obj (.text:_SlDrvCmdOp)
                  2000c428    00000080                  : cc_pal.obj (.text:spi_Read_CPU)
                  2000c4a8    00000080                  : cc_pal.obj (.text:spi_Write_CPU)
                  2000c528    0000007c                  : device.obj (.text:_sl_HandleAsync_InitComplete)
                  2000c5a4    0000007a     rtsv7M4_T_le_v4SPD16_eabi.lib : memset_t2.obj (.text)
                  2000c61e    00000002     --HOLE-- [fill = 0]
                  2000c620    00000078     simplelink.a : socket.obj (.text:_sl_HandleAsync_Connect)
                  2000c698    00000078                  : cc_pal.obj (.text:spi_Close)
                  2000c710    00000076     driverlib.a : uart.obj (.text:UARTConfigSetExpClk)
                  2000c786    00000002     --HOLE-- [fill = 0]
                  2000c788    00000074     simplelink.a : socket.obj (.text:sl_Recv)
                  2000c7fc    00000070     driverlib.a : timer.obj (.text:TimerIntRegister)
                  2000c86c    00000070     simplelink.a : nonos.obj (.text:_SlNonOsMainLoopTask)
                  2000c8dc    0000006c                  : driver.obj (.text:_SlDrvCmdSend)
                  2000c948    0000006c     rtsv7M4_T_le_v4SPD16_eabi.lib : autoinit.obj (.text)
                  2000c9b4    0000006a                                   : copy_decompress_rle.obj (.text)
                  2000ca1e    00000002     --HOLE-- [fill = 0]
                  2000ca20    00000068     driverlib.a : timer.obj (.text:TimerIntUnregister)
                  2000ca88    00000068     simplelink.a : netapp.obj (.text:_sl_NetAppSendTokenValue)
                  2000caf0    00000068                  : netcfg.obj (.text:sl_NetCfgSet)
                  2000cb58    00000068                  : socket.obj (.text:sl_SetSockOpt)
                  2000cbc0    00000068                  : wlan.obj (.text:sl_WlanSet)
                  2000cc28    00000066     rtsv7M4_T_le_v4SPD16_eabi.lib : xdunscal.obj (.text)
                  2000cc8e    00000002     --HOLE-- [fill = 0]
                  2000cc90    00000064     driverlib.a : udma.obj (.text:uDMAChannelAttributeDisable)
                  2000ccf4    00000064                 : udma.obj (.text:uDMAChannelAttributeEnable)
                  2000cd58    00000060     simplelink.a : socket.obj (.text:_sl_HandleAsync_Accept)
                  2000cdb8    00000060     rtsv7M4_T_le_v4SPD16_eabi.lib : sprintf.obj (.text)
                  2000ce18    00000060     simplelink.a : wlan.obj (.text:sl_WlanPolicySet)
                  2000ce78    0000005c                  : nonos.obj (.text:_SlNonOsSemGet)
                  2000ced4    0000005c                  : nonos.obj (.text:_SlNonOsSpawn)
                  2000cf30    0000005c                  : socket.obj (.text:sl_Socket)
                  2000cf8c    00000058     driverlib.a : interrupt.obj (.text:IntPendClear)
                  2000cfe4    00000058                 : prcm.obj (.text:PRCMPeripheralReset)
                  2000d03c    00000056     rtsv7M4_T_le_v4SPD16_eabi.lib : ltoa.obj (.text)
                  2000d092    00000002     --HOLE-- [fill = 0]
                  2000d094    00000054     driverlib.a : interrupt.obj (.text:IntPrioritySet)
                  2000d0e8    00000054     simplelink.a : socket.obj (.text:_sl_HandleAsync_Select)
                  2000d13c    00000054                  : wlan.obj (.text:sl_WlanRxFilterSet)
                  2000d190    00000052     rtsv7M4_T_le_v4SPD16_eabi.lib : ldexp.obj (.text)
                  2000d1e2    00000002     --HOLE-- [fill = 0]
                  2000d1e4    00000050     simplelink.a : device.obj (.text:_sl_HandleAsync_Stop)
                  2000d234    00000050     rtsv7M4_T_le_v4SPD16_eabi.lib : boot.obj (.text)
                  2000d284    0000004c     driverlib.a : spi.obj (.text:SPIIntEnable)
                  2000d2d0    0000004c                 : spi.obj (.text:SPIIntNumberGet)
                  2000d31c    0000004c     simplelink.a : driver.obj (.text:_SlDrvProtectAsyncRespSetting)
                  2000d368    0000004c                  : driver.obj (.text:_SlDrvRxIrqHandler)
                  2000d3b4    0000004c                  : socket.obj (.text:_sl_BuildAddress)
                  2000d400    0000004c     rtsv7M4_T_le_v4SPD16_eabi.lib : atoi.obj (.text)
                  2000d44c    0000004c                                   : cpy_tbl.obj (.text)
                  2000d498    0000004c     driverlib.a : udma.obj (.text:uDMAChannelAssign)
                  2000d4e4    00000048                 : gpio.obj (.text:GPIOGetIntNumber)
                  2000d52c    00000048                 : spi.obj (.text:SPIIntClear)
                  2000d574    00000048     simplelink.a : driver.obj (.text:_SlDrvBasicCmd)
                  2000d5bc    00000048     rtsv7M4_T_le_v4SPD16_eabi.lib : fd_toi_t2.obj (.text)
                  2000d604    00000044     driverlib.a : spi.obj (.text:SPIDmaMaskGet)
                  2000d648    00000044                 : timer.obj (.text:TimerConfigure)
                  2000d68c    00000044     simplelink.a : cc_pal.obj (.text:cc_SetupTransfer)
                  2000d6d0    00000044     rtsv7M4_T_le_v4SPD16_eabi.lib : exit.obj (.text)
                  2000d714    00000042     simplelink.a : socket.obj (.text:sl_Htonl)
                  2000d756    00000002     --HOLE-- [fill = 0]
                  2000d758    00000040     driverlib.a : pin.obj (.text:PinModeSet)
                  2000d798    00000040     rtsv7M4_T_le_v4SPD16_eabi.lib : signal.obj (.text)
                  2000d7d8    0000003e     simplelink.a : cc_pal.obj (.text:NwpRegisterInterruptHandler)
                  2000d816    0000003c                  : netapp.obj (.text:CopyPingResultsToReport)
                  2000d852    00000002     --HOLE-- [fill = 0]
                  2000d854    0000003c     driverlib.a : prcm.obj (.text:PRCMPeripheralClkEnable)
                  2000d890    0000003c     simplelink.a : socket.obj (.text:_sl_TruncatePayloadByProtocol)
                  2000d8cc    0000003c                  : socket.obj (.text:sl_Htons)
                  2000d908    0000003c     driverlib.a : udma.obj (.text:uDMAChannelControlSet)
                  2000d944    00000038     simplelink.a : cc_pal.obj (.text:NwpPowerOff)
                  2000d97c    00000036                  : netapp.obj (.text:sl_NetAppMDNSUnRegisterService)
                  2000d9b2    00000002     --HOLE-- [fill = 0]
                  2000d9b4    00000034     driverlib.a : prcm.obj (.text:PRCMPeripheralStatusGet)
                  2000d9e8    00000034                 : spi.obj (.text:SPIFIFOLevelSet)
                  2000da1c    00000034     rtsv7M4_T_le_v4SPD16_eabi.lib : feraiseexcept.obj (.text)
                  2000da50    00000030     driverlib.a : uart.obj (.text:UARTDisable)
                  2000da80    00000030     simplelink.a : device.obj (.text:_SlDrvDeviceEventHandler)
                  2000dab0    00000030     rtsv7M4_T_le_v4SPD16_eabi.lib : xdclass.obj (.text)
                  2000dae0    00000030                                   : xferaise.obj (.text)
                  2000db10    00000030     simplelink.a : socket.obj (.text:sl_Close)
                  2000db40    00000030                  : wlan.obj (.text:sl_WlanProfileDel)
                  2000db70    00000030                  : wlan.obj (.text:sl_WlanSetMode)
                  2000dba0    0000002e     rtsv7M4_T_le_v4SPD16_eabi.lib : i_tofd_t2.obj (.text)
                  2000dbce    0000002e                                   : raise.obj (.text)
                  2000dbfc    0000002c     simplelink.a : cc_pal.obj (.text:NwpPowerOn)
                  2000dc28    0000002c     driverlib.a : prcm.obj (.text:PRCMSysResetCauseGet)
                  2000dc54    0000002a                 : timer.obj (.text:TimerLoadSet)
                  2000dc7e    0000002a                 : timer.obj (.text:TimerPrescaleSet)
                  2000dca8    0000002a     rtsv7M4_T_le_v4SPD16_eabi.lib : frexp.obj (.text)
                  2000dcd2    00000002     --HOLE-- [fill = 0]
                  2000dcd4    00000028     driverlib.a : prcm.obj (.text:PRCMPeripheralClkDisable)
                  2000dcfc    00000026     rtsv7M4_T_le_v4SPD16_eabi.lib : strncmp.obj (.text)
                  2000dd22    00000002     --HOLE-- [fill = 0]
                  2000dd24    00000024     simplelink.a : cc_pal.obj (.text:DmaSpiSwIntHandler)
                  2000dd48    00000024     driverlib.a : interrupt.obj (.text:IntUnregister)
                  2000dd6c    00000024                 : uart.obj (.text:UARTEnable)
                  2000dd90    00000024     simplelink.a : driver.obj (.text:_SlDrvProtectionObjLockWaitForever)
                  2000ddb4    00000024     rtsv7M4_T_le_v4SPD16_eabi.lib : memmov.obj (.text)
                  2000ddd8    00000022     driverlib.a : spi.obj (.text:SPIReset)
                  2000ddfa    00000022                 : spi.obj (.text:SPIWordCountSet)
                  2000de1c    00000020                 : gpio.obj (.text:GPIOPinWrite)
                  2000de3c    00000020                 : interrupt.obj (.text:IntRegister)
                  2000de5c    00000020     simplelink.a : driver.obj (.text:_SlDrvProtectionObjUnLock)
                  2000de7c    0000001e     driverlib.a : gpio.obj (.text:GPIOIntRegister)
                  2000de9a    0000001e                 : timer.obj (.text:TimerDisable)
                  2000deb8    0000001e                 : timer.obj (.text:TimerEnable)
                  2000ded6    0000001e                 : timer.obj (.text:TimerIntStatus)
                  2000def4    0000001e                 : uart.obj (.text:UARTCharPut)
                  2000df12    0000001e     simplelink.a : driver.obj (.text:_SlDrvObjLockWaitForever)
                  2000df30    0000001e                  : driver.obj (.text:_SlDrvSyncObjWaitForever)
                  2000df4e    0000001e                  : cc_pal.obj (.text:cc_UDMAChannelSelect)
                  2000df6c    0000001c     driverlib.a : timer.obj (.text:TimerValueGet)
                  2000df88    0000001c                 : uart.obj (.text:UARTCharGetNonBlocking)
                  2000dfa4    0000001c     pinmux.obj (.text)
                  2000dfc0    0000001c     rtsv7M4_T_le_v4SPD16_eabi.lib : memccpy.obj (.text)
                  2000dfdc    0000001c     driverlib.a : udma.obj (.text:uDMAChannelEnable)
                  2000dff8    0000001a                 : gpio.obj (.text:GPIOIntEnable)
                  2000e012    0000001a                 : pin.obj (.text:PinTypeUART)
                  2000e02c    0000001a                 : spi.obj (.text:SPIDmaDisable)
                  2000e046    0000001a                 : spi.obj (.text:SPIDmaEnable)
                  2000e060    0000001a                 : spi.obj (.text:SPIFIFODisable)
                  2000e07a    0000001a                 : spi.obj (.text:SPIFIFOEnable)
                  2000e094    0000001a                 : spi.obj (.text:SPIIntUnregister)
                  2000e0ae    0000001a     simplelink.a : driver.obj (.text:_SlDrvObjUnLock)
                  2000e0c8    0000001a                  : driver.obj (.text:_SlDrvSyncObjSignal)
                  2000e0e2    00000018     driverlib.a : gpio.obj (.text:GPIOPinRead)
                  2000e0fa    00000018                 : spi.obj (.text:SPICSDisable)
                  2000e112    00000018                 : spi.obj (.text:SPICSEnable)
                  2000e12a    00000018                 : spi.obj (.text:SPIDisable)
                  2000e142    00000018                 : spi.obj (.text:SPIEnable)
                  2000e15a    00000018                 : timer.obj (.text:TimerIntDisable)
                  2000e172    00000018                 : timer.obj (.text:TimerIntEnable)
                  2000e18a    00000018                 : uart.obj (.text:UARTCharsAvail)
                  2000e1a2    00000018     simplelink.a : nonos.obj (.text:_SlNonOsSemSet)
                  2000e1ba    00000002     --HOLE-- [fill = 0]
                  2000e1bc    00000018                  : device.obj (.text:_sl_GetStartResponseConvert)
                  2000e1d4    00000018     rtsv7M4_T_le_v4SPD16_eabi.lib : args_main.obj (.text)
                  2000e1ec    00000018                                   : strcmp.obj (.text)
                  2000e204    00000016     driverlib.a : prcm.obj (.text:PRCMHIBRegRead)
                  2000e21a    00000016                 : prcm.obj (.text:PRCMHIBRegWrite)
                  2000e230    00000016     simplelink.a : driver.obj (.text:_SlDrvMemZero)
                  2000e246    00000016     rtsv7M4_T_le_v4SPD16_eabi.lib : strchr.obj (.text)
                  2000e25c    00000014     driverlib.a : cpu.obj (.text:CPUcpsie)
                  2000e270    00000014                 : gpio.obj (.text:GPIOIntClear)
                  2000e284    00000014                 : interrupt.obj (.text:IntVTableBaseSet)
                  2000e298    00000014     rtsv7M4_T_le_v4SPD16_eabi.lib : _lock.obj (.text)
                  2000e2ac    00000014                                   : strcpy.obj (.text)
                  2000e2c0    00000014                                   : strlen.obj (.text)
                  2000e2d4    00000012     driverlib.a : timer.obj (.text:TimerIntClear)
                  2000e2e6    0000000e     simplelink.a : driver.obj (.text:_SlDrvResetCmdExt)
                  2000e2f4    0000000e     rtsv7M4_T_le_v4SPD16_eabi.lib : copy_decompress_none.obj (.text:decompress:none)
                  2000e302    0000000e     startup_ccs.obj (.text)
                  2000e310    0000000c     simplelink.a : cc_pal.obj (.text:NwpMaskInterrupt)
                  2000e31c    0000000c                  : cc_pal.obj (.text:NwpUnMaskInterrupt)
                  2000e328    0000000c     rtsv7M4_T_le_v4SPD16_eabi.lib : copy_zero_init.obj (.text:decompress:ZI)
                  2000e334    0000000c     simplelink.a : wlan.obj (.text:sl_WlanDisconnect)
                  2000e340    0000000a     driverlib.a : interrupt.obj (.text:IntMasterEnable)
                  2000e34a    00000006                 : utils.obj (.text:UtilsDelay)
                  2000e350    00000006     rtsv7M4_T_le_v4SPD16_eabi.lib : copy_decompress_rle.obj (.text:decompress:rle24)
                  2000e356    00000004                                   : pre_init.obj (.text)

.const     0    2000e35c    00000748     
                  2000e35c    00000101     rtsv7M4_T_le_v4SPD16_eabi.lib : ctype.obj (.const:.string:_ctypes_)
                  2000e45d    00000003     --HOLE-- [fill = 0]
                  2000e460    00000100     driverlib.a : pin.obj (.const:g_ulPinToPadMap)
                  2000e560    000000d4                 : interrupt.obj (.const:g_pulRegs)
                  2000e634    000000b0     simplelink.a : wlan.obj (.const:$P$T0$1)
                  2000e6e4    000000a8     driverlib.a : prcm.obj (.const:PRCM_PeriphRegsList)
                  2000e78c    00000080                 : interrupt.obj (.const)
                  2000e80c    00000040     main.obj (.const)
                  2000e84c    0000003e     main.obj (.const:.string)
                  2000e88a    0000003c     simplelink.a : driver.obj (.const:OpcodeTranslateTable)
                  2000e8c6    0000003c                  : wlan.obj (.const)
                  2000e902    00000002     --HOLE-- [fill = 0]
                  2000e904    00000038                  : driver.obj (.const:_SlActionLookupTable)
                  2000e93c    00000034                  : driver.obj (.const)
                  2000e970    00000034                  : socket.obj (.const)
                  2000e9a4    0000002c     main.obj (.const:$P$T1$2)
                  2000e9d0    00000028     simplelink.a : netapp.obj (.const)
                  2000e9f8    00000024     driverlib.a : spi.obj (.const:g_ppulSPIIntMap)
                  2000ea1c    00000022     main.obj (.const:.string:$P$T0$1)
                  2000ea3e    00000002     --HOLE-- [fill = 0]
                  2000ea40    00000018     driverlib.a : spi.obj (.const)
                  2000ea58    00000014     simplelink.a : device.obj (.const)
                  2000ea6c    00000010                  : socket.obj (.const:.string)
                  2000ea7c    00000010     webclient.a : httpcli.obj (.const)
                  2000ea8c    00000008     simplelink.a : device.obj (.const:.string)
                  2000ea94    00000008     webclient.a : httpcli.obj (.const:.string)
                  2000ea9c    00000008     simplelink.a : netcfg.obj (.const)

.cinit     0    2000eaa8    00000088     
                  2000eaa8    00000064     (.cinit..data.load) [load image, compression = rle]
                  2000eb0c    0000000c     (__TI_handler_table)
                  2000eb18    00000008     (.cinit..bss.load) [load image, compression = zero_init]
                  2000eb20    00000010     (__TI_cinit_table)

.sysmem    0    20017000    00000800     UNINITIALIZED
                  20017000    00000008     rtsv7M4_T_le_v4SPD16_eabi.lib : memory.obj (.sysmem)
                  20017008    000007f8     --HOLE--

.bss       0    20017800    000007d6     UNINITIALIZED
                  20017800    000005b8     main.obj (.bss:g_buff)
                  20017db8    00000168     simplelink.a : driver.obj (.bss:g_StatMem)
                  20017f20    00000050                  : cc_pal.obj (.bss:g_ucDinDout)
                  20017f70    00000028                  : nonos.obj (.bss:g__SlNonOsCB)
                  20017f98    00000024     main.obj (.bss:g_ucConnectionSSID)
                  20017fbc    00000008     (.common:g_ucConnectionBSSID)
                  20017fc4    00000004     (.common:__Errorlog)
                  20017fc8    00000004     (.common:g_ulBase)
                  20017fcc    00000004     (.common:g_ulDestinationIP)
                  20017fd0    00000001     (.common:RxIrqCnt)
                  20017fd1    00000001     (.common:g_HTTP_SEND_FLAG)
                  20017fd2    00000001     (.common:g_cDummy)
                  20017fd3    00000001     (.common:g_ucLED1Pin)
                  20017fd4    00000001     (.common:g_ucLED2Pin)
                  20017fd5    00000001     (.common:g_ucLED3Pin)

.TI.noinit 
*          0    20017800    00000000     UNINITIALIZED

.data      0    20017fd8    000001f8     UNINITIALIZED
                  20017fd8    000000b0     rtsv7M4_T_le_v4SPD16_eabi.lib : signal.obj (.data:sigtable)
                  20018088    00000080                                   : xvalues.obj (.data)
                  20018108    00000048     webclient.a : httpcli.obj (.data:tlsParams)
                  20018150    00000020     gpio_if.obj (.data)
                  20018170    00000010     webclient.a : httpcli.obj (.data)
                  20018180    0000000c     main.obj (.data)
                  2001818c    0000000c     rtsv7M4_T_le_v4SPD16_eabi.lib : memory.obj (.data)
                  20018198    00000009     simplelink.a : cc_pal.obj (.data)
                  200181a1    00000003     --HOLE--
                  200181a4    00000009                  : driver.obj (.data)
                  200181ad    00000003     --HOLE--
                  200181b0    00000008     rtsv7M4_T_le_v4SPD16_eabi.lib : _lock.obj (.data)
                  200181b8    00000008                                   : exit.obj (.data)
                  200181c0    00000008                                   : feraiseexcept.obj (.data)
                  200181c8    00000004                                   : errno.obj (.data)
                  200181cc    00000004                                   : stkdepth_vars.obj (.data)

.TI.persistent 
*          0    20017fd8    00000000     UNINITIALIZED

.stack     0    2002f800    00000800     UNINITIALIZED
                  2002f800    00000800     --HOLE--


LINKER GENERATED COPY TABLES

__TI_cinit_table @ 2000eb20 records: 2, size/record: 8, table size: 16
	.data: load addr=2000eaa8, load size=00000064 bytes, run addr=20017fd8, run size=000001f8 bytes, compression=rle
	.bss: load addr=2000eb18, load size=00000008 bytes, run addr=20017800, run size=000007d6 bytes, compression=zero_init


LINKER GENERATED HANDLER TABLE

__TI_handler_table @ 2000eb0c records: 3, size/record: 4, table size: 12
	index: 0, handler: __TI_decompress_rle24
	index: 1, handler: __TI_decompress_none
	index: 2, handler: __TI_zero_init


GLOBAL SYMBOLS: SORTED ALPHABETICALLY BY Name 

address   name                                  
-------   ----                                  
2000d6d1  C$$EXIT                               
2000e25d  CPUcpsie                              
20008e5d  ClearTerm                             
2000d817  CopyPingResultsToReport               
2000dd25  DmaSpiSwIntHandler                    
20008e67  Error                                 
2000e271  GPIOIntClear                          
2000dff9  GPIOIntEnable                         
2000de7d  GPIOIntRegister                       
2000c325  GPIOIntTypeSet                        
2000e0e3  GPIOPinRead                           
2000de1d  GPIOPinWrite                          
20008a55  GPIO_IF_ConfigureNIntEnable           
20008ae1  GPIO_IF_Get                           
20008a0f  GPIO_IF_GetPortNPin                   
200087d1  GPIO_IF_LedConfigure                  
200088c3  GPIO_IF_LedOff                        
2000880f  GPIO_IF_LedOn                         
20008977  GPIO_IF_LedStatus                     
200089e1  GPIO_IF_LedToggle                     
20008a9d  GPIO_IF_Set                           
20008e9f  GetCmd                                
20007143  HTTPCli_connect                       
20007265  HTTPCli_construct                     
200072ad  HTTPCli_create                        
200072c5  HTTPCli_delete                        
200072fb  HTTPCli_destruct                      
20007343  HTTPCli_disconnect                    
20007579  HTTPCli_getResponseField              
20007543  HTTPCli_getResponseStatus             
20007035  HTTPCli_initSockAddr                  
20007789  HTTPCli_readRawResponseBody           
200076fd  HTTPCli_readResponseBody              
200074b3  HTTPCli_sendField                     
200073e5  HTTPCli_sendRequest                   
2000750b  HTTPCli_sendRequestBody               
200077c9  HTTPCli_setProxy                      
20007379  HTTPCli_setRequestFields              
2000739f  HTTPCli_setResponseFields             
200073c5  HTTPCli_setSecureParams               
20008e1d  InitTerm                              
2000b965  IntDisable                            
2000ba0d  IntEnable                             
2000e341  IntMasterEnable                       
2000cf8d  IntPendClear                          
2000d095  IntPrioritySet                        
2000de3d  IntRegister                           
2000dd49  IntUnregister                         
2000e285  IntVTableBaseSet                      
20008e3b  Message                               
2000e311  NwpMaskInterrupt                      
2000d945  NwpPowerOff                           
2000dbfd  NwpPowerOn                            
2000c2a1  NwpPowerOnPreamble                    
2000d7d9  NwpRegisterInterruptHandler           
2000e31d  NwpUnMaskInterrupt                    
2000e88a  OpcodeTranslateTable                  
2000a50d  PRCMCC3200MCUInit                     
2000e205  PRCMHIBRegRead                        
2000e21b  PRCMHIBRegWrite                       
2000dcd5  PRCMPeripheralClkDisable              
2000d855  PRCMPeripheralClkEnable               
2000bdc1  PRCMPeripheralClockGet                
2000cfe5  PRCMPeripheralReset                   
2000d9b5  PRCMPeripheralStatusGet               
2000dc29  PRCMSysResetCauseGet                  
20004d8f  ParseJSONData                         
2000c085  PinConfigSet                          
2000d759  PinModeSet                            
2000dfa5  PinMuxConfig                          
2000e013  PinTypeUART                           
20008fdd  Report                                
2000e303  ResetISR                              
20017fd0  RxIrqCnt                              
2000e94c  RxMsgClassLUT                         
UNDEFED   SHT$$INIT_ARRAY$$Base                 
UNDEFED   SHT$$INIT_ARRAY$$Limit                
2000e0fb  SPICSDisable                          
2000e113  SPICSEnable                           
2000bab5  SPIConfigSetExpClk                    
2000e12b  SPIDisable                            
2000e02d  SPIDmaDisable                         
2000e047  SPIDmaEnable                          
2000e143  SPIEnable                             
2000e061  SPIFIFODisable                        
2000e07b  SPIFIFOEnable                         
2000d9e9  SPIFIFOLevelSet                       
2000d52d  SPIIntClear                           
2000d285  SPIIntEnable                          
2000e095  SPIIntUnregister                      
2000ddd9  SPIReset                              
2000ddfb  SPIWordCountSet                       
200045c9  SimpleLinkGeneralEventHandler         
200045a1  SimpleLinkHttpServerCallback          
20004509  SimpleLinkNetAppEventHandler          
200045df  SimpleLinkSockEventHandler            
20004401  SimpleLinkWlanEventHandler            
20008b49  Ssock_construct                       
20008b89  Ssock_create                          
20008ba3  Ssock_delete                          
20008bcb  Ssock_destruct                        
20008c1d  Ssock_getSocket                       
20008c2b  Ssock_recv                            
20008c85  Ssock_recvall                         
20008cc9  Ssock_send                            
20008de3  Ssock_startSecure                     
2000ea8c  StartResponseLUT                      
200053ad  TimerBaseIntHandler                   
2000d649  TimerConfigure                        
2000de9b  TimerDisable                          
2000deb9  TimerEnable                           
2000e2d5  TimerIntClear                         
2000e15b  TimerIntDisable                       
2000e173  TimerIntEnable                        
2000c7fd  TimerIntRegister                      
2000ded7  TimerIntStatus                        
2000ca21  TimerIntUnregister                    
2000dc55  TimerLoadSet                          
2000dc7f  TimerPrescaleSet                      
2000df6d  TimerValueGet                         
20009db7  Timer_IF_DeInit                       
20009de9  Timer_IF_GetCount                     
20009cf1  Timer_IF_Init                         
20009d23  Timer_IF_IntSetup                     
20009d6f  Timer_IF_InterruptClear               
20009dd1  Timer_IF_ReLoad                       
20009d87  Timer_IF_Start                        
20009da7  Timer_IF_Stop                         
20008f45  TrimSpace                             
2000df89  UARTCharGetNonBlocking                
2000def5  UARTCharPut                           
2000e18b  UARTCharsAvail                        
2000c711  UARTConfigSetExpClk                   
2000da51  UARTDisable                           
2000dd6d  UARTEnable                            
2000e34b  UtilsDelay                            
2000dab1  _Dclass                               
20018088  _Denorm                               
2000b67d  _Dnorm                                
2000a881  _Dscale                               
2000cc29  _Dunscale                             
20018098  _Eps                                  
200181c8  _Errno                                
200181c0  _Fenv                                 
2000dae1  _Feraise                              
200180a8  _Hugeval                              
200180b8  _Inf                                  
200180c8  _Nan                                  
200180e8  _Rteps                                
2000e984  _SlAcceptCmdCtrl                      
2000e904  _SlActionLookupTable                  
2000b7f9  _SlAsyncEventGenericHandler           
2000ea64  _SlDeviceGetCmdCtrl                   
2000ea68  _SlDeviceSetCmdCtrl                   
2000d575  _SlDrvBasicCmd                        
2000b289  _SlDrvClassifyRxMsg                   
2000c3a9  _SlDrvCmdOp                           
2000c8dd  _SlDrvCmdSend                         
2000a641  _SlDrvDataReadOp                      
2000a991  _SlDrvDataWriteOp                     
2000da81  _SlDrvDeviceEventHandler              
2000adad  _SlDrvDriverCBDeinit                  
20009f99  _SlDrvDriverCBInit                    
2000e231  _SlDrvMemZero                         
20007dcd  _SlDrvMsgRead                         
2000b4fd  _SlDrvMsgReadCmdCtx                   
2000bb55  _SlDrvMsgReadSpawnCtx                 
200098ed  _SlDrvMsgWrite                        
2000aead  _SlDrvNetAppEventHandler              
2000df13  _SlDrvObjLockWaitForever              
2000e0af  _SlDrvObjUnLock                       
2000d31d  _SlDrvProtectAsyncRespSetting         
2000dd91  _SlDrvProtectionObjLockWaitForever    
2000de5d  _SlDrvProtectionObjUnLock             
2000971d  _SlDrvReleasePoolObj                  
2000e2e7  _SlDrvResetCmdExt                     
2000909d  _SlDrvRxHdrRead                       
2000d369  _SlDrvRxIrqHandler                    
2000e0c9  _SlDrvSyncObjSignal                   
2000df31  _SlDrvSyncObjWaitForever              
20009e09  _SlDrvWaitForPoolObj                  
2000ea60  _SlEventMaskGetCmdCtrl                
2000ea5c  _SlEventMaskSetCmdCtrl                
2000a121  _SlFindAndSetActiveObj                
2000e9e4  _SlGetHostByNameCtrl                  
2000e9e0  _SlGetHostByServiceCtrl               
2000e9d8  _SlGetServiceListeCtrl                
2000e990  _SlGetSockOptCmdCtrl                  
2000e980  _SlListenCmdCtrl                      
2000e9f0  _SlNetAppGetCmdCtrl                   
2000e9ec  _SlNetAppSendTokenValueCmdCtrl        
2000e9e8  _SlNetAppSetCmdCtrl                   
2000e9d0  _SlNetAppStartCtrl                    
2000e9d4  _SlNetAppStopCtrl                     
2000eaa0  _SlNetCfgGetCmdCtrl                   
2000ea9c  _SlNetCfgSetCmdCtrl                   
2000c86d  _SlNonOsMainLoopTask                  
2000ce79  _SlNonOsSemGet                        
2000e1a3  _SlNonOsSemSet                        
2000ced5  _SlNonOsSpawn                         
2000ea6c  _SlPayloadByProtocolLUT               
2000e8ca  _SlPolicyGetCmdCtrl                   
2000e8c6  _SlPolicySetCmdCtrl                   
2000e8d2  _SlProfileDelCmdCtrl                  
2000e8ce  _SlProfileGetCmdCtrl                  
2000e988  _SlRecvCmdCtrl                        
2000e978  _SlRecvfomCmdCtrl                     
2000e9dc  _SlRegisterServiceCtrl                
2000b5bd  _SlRemoveFromList                     
2000e8da  _SlRxFilterAddtCmdCtrl                
2000e8e2  _SlRxFilterGetCmdCtrl                 
2000e8de  _SlRxFilterSetCmdCtrl                 
2000e994  _SlSelectCmdCtrl                      
2000e97c  _SlSendCmdCtrl                        
2000e98c  _SlSetSockOptCmdCtrl                  
2000e8e6  _SlSmartConfigStartCmdCtrl            
2000e974  _SlSockCloseCmdCtrl                   
2000e970  _SlSockSocketCmdCtrl                  
2000ea58  _SlStopCmdCtrl                        
2000e8f2  _SlWlanCfgGetCmdCtrl                  
2000e8ee  _SlWlanCfgSetCmdCtrl                  
2000e8d6  _SlWlanGetNetworkListCtrl             
2000e8ea  _SlWlanSetModeCmdCtrl                 
200180d8  _Snan                                 
200181c4  _Tls_setup__Fenv                      
200180f8  _Xbig                                 
20018100  _Zero                                 
20030000  __STACK_END                           
00000800  __STACK_SIZE                          
00000800  __SYSMEM_SIZE                         
2000eb20  __TI_CINIT_Base                       
2000eb30  __TI_CINIT_Limit                      
2000eb0c  __TI_Handler_Table_Base               
2000eb18  __TI_Handler_Table_Limit              
2000c949  __TI_auto_init                        
200181b8  __TI_cleanup_ptr                      
2000e2f5  __TI_decompress_none                  
2000e351  __TI_decompress_rle24                 
200181bc  __TI_dtors_ptr                        
20006511  __TI_printfi                          
2000eaa8  __TI_static_base__                    
2000e329  __TI_zero_init                        
2000c195  __aeabi_cdcmpeq                       
2000c195  __aeabi_cdcmple                       
2000c21b  __aeabi_cdrcmple                      
2000d5bd  __aeabi_d2iz                          
20009ac3  __aeabi_dadd                          
2000a3d5  __aeabi_ddiv                          
2000afab  __aeabi_dmul                          
20009ab9  __aeabi_dsub                          
2000dba1  __aeabi_i2d                           
2000c5a5  __aeabi_memclr                        
2000c5a5  __aeabi_memclr4                       
2000c5a5  __aeabi_memclr8                       
2000bbf1  __aeabi_memcpy                        
2000bbf1  __aeabi_memcpy4                       
2000bbf1  __aeabi_memcpy8                       
2000c5a7  __aeabi_memset                        
2000c5a7  __aeabi_memset4                       
2000c5a7  __aeabi_memset8                       
20009529  __aeabi_uldivmod                      
ffffffff  __binit__                             
ffffffff  __c_args__                            
2002f800  __stack                               
2000e1d5  _args_main                            
2000d235  _c_int00                              
2000e35c  _ctypes_                              
200181b0  _lock                                 
2000e2a7  _nop                                  
2000e29f  _register_lock                        
2000e299  _register_unlock                      
2000d3b5  _sl_BuildAddress                      
2000e1bd  _sl_GetStartResponseConvert           
2000cd59  _sl_HandleAsync_Accept                
2000c621  _sl_HandleAsync_Connect               
2000bf6d  _sl_HandleAsync_DnsGetHostByName      
2000b435  _sl_HandleAsync_DnsGetHostByService   
2000c529  _sl_HandleAsync_InitComplete          
2000bff9  _sl_HandleAsync_PingResponse          
2000d0e9  _sl_HandleAsync_Select                
2000d1e5  _sl_HandleAsync_Stop                  
2000ca89  _sl_NetAppSendTokenValue              
2000d891  _sl_TruncatePayloadByProtocol         
20017000  _sys_memory                           
2000e357  _system_pre_init                      
200181b4  _unlock                               
2000d6d5  abort                                 
2000d401  atoi                                  
ffffffff  binit                                 
2000685f  bufferedRecv                          
20018188  bytesReceived                         
20008761  calloc                                
20005483  configureTimerA0                      
2000d44d  copy_in                               
2000d6dd  exit                                  
2000da1d  feraiseexcept                         
200084af  free                                  
2000dca9  frexp                                 
200181ac  gFirstCmdMode                         
2000e944  g_H2NCnysPattern                      
2000e93c  g_H2NSyncPattern                      
20017fd1  g_HTTP_SEND_FLAG                      
20018198  g_SpiFd                               
20017db8  g_StatMem                             
20017f70  g__SlNonOsCB                          
20017800  g_buff                                
20017fd2  g_cDummy                              
200181a4  g_pCB                                 
2001819c  g_pHostIntHdl                         
20004000  g_pfnVectors                          
20017fbc  g_ucConnectionBSSID                   
20017f98  g_ucConnectionSSID                    
200181a0  g_ucDMAEnabled                        
20017f20  g_ucDinDout                           
20017fd3  g_ucLED1Pin                           
20017fd4  g_ucLED2Pin                           
20017fd5  g_ucLED3Pin                           
20018164  g_uiLED1Port                          
20018168  g_uiLED2Port                          
2001816c  g_uiLED3Port                          
20017fcc  g_ulDestinationIP                     
20018184  g_ulGatewayIP                         
20018180  g_ulStatus                            
20007daf  jsmn_init                             
20007a9d  jsmn_parse                            
2000d191  ldexp                                 
2000d03d  ltoa                                  
200055a1  main                                  
200181cc  main_func_sp                          
20008447  malloc                                
2000867d  memalign                              
2000dfc1  memccpy                               
2000bbf1  memcpy                                
2000ddb5  memmove                               
2000c5ad  memset                                
200083b9  minit                                 
200181a8  pPingCallBackFunc                     
2000dbcf  raise                                 
20008571  realloc                               
2000d799  signal                                
2000db11  sl_Close                              
2000aa99  sl_Connect                            
2000bc8d  sl_DevGet                             
2000d715  sl_Htonl                              
2000d8cd  sl_Htons                              
2000aca9  sl_NetAppDnsGetHostByName             
2000b8b1  sl_NetAppMDNSRegisterUnregisterService
2000d97d  sl_NetAppMDNSUnRegisterService        
2000caf1  sl_NetCfgSet                          
2000c789  sl_Recv                               
2000aba1  sl_Send                               
2000cb59  sl_SetSockOpt                         
2000cf31  sl_Socket                             
2000b73d  sl_Start                              
2000b361  sl_Stop                               
200092e5  sl_WlanConnect                        
2000e335  sl_WlanDisconnect                     
2000ce19  sl_WlanPolicySet                      
2000db41  sl_WlanProfileDel                     
2000d13d  sl_WlanRxFilterSet                    
2000cbc1  sl_WlanSet                            
2000db71  sl_WlanSetMode                        
2000c699  spi_Close                             
2000a291  spi_Open                              
2000b0a9  spi_Read                              
2000bd29  spi_Write                             
2000cdb9  sprintf                               
2000e247  strchr                                
2000e1ed  strcmp                                
2000e2ad  strcpy                                
2000e2c1  strlen                                
2000dcfd  strncmp                               
2000a76d  strtoul                               
2000d499  uDMAChannelAssign                     
2000cc91  uDMAChannelAttributeDisable           
2000ccf5  uDMAChannelAttributeEnable            
2000d909  uDMAChannelControlSet                 
2000dfdd  uDMAChannelEnable                     
2000b199  uDMAChannelTransferSet                
2000c10d  vsnprintf                             


GLOBAL SYMBOLS: SORTED BY Symbol Address 

address   name                                  
-------   ----                                  
00000800  __STACK_SIZE                          
00000800  __SYSMEM_SIZE                         
20004000  g_pfnVectors                          
20004401  SimpleLinkWlanEventHandler            
20004509  SimpleLinkNetAppEventHandler          
200045a1  SimpleLinkHttpServerCallback          
200045c9  SimpleLinkGeneralEventHandler         
200045df  SimpleLinkSockEventHandler            
20004d8f  ParseJSONData                         
200053ad  TimerBaseIntHandler                   
20005483  configureTimerA0                      
200055a1  main                                  
20006511  __TI_printfi                          
2000685f  bufferedRecv                          
20007035  HTTPCli_initSockAddr                  
20007143  HTTPCli_connect                       
20007265  HTTPCli_construct                     
200072ad  HTTPCli_create                        
200072c5  HTTPCli_delete                        
200072fb  HTTPCli_destruct                      
20007343  HTTPCli_disconnect                    
20007379  HTTPCli_setRequestFields              
2000739f  HTTPCli_setResponseFields             
200073c5  HTTPCli_setSecureParams               
200073e5  HTTPCli_sendRequest                   
200074b3  HTTPCli_sendField                     
2000750b  HTTPCli_sendRequestBody               
20007543  HTTPCli_getResponseStatus             
20007579  HTTPCli_getResponseField              
200076fd  HTTPCli_readResponseBody              
20007789  HTTPCli_readRawResponseBody           
200077c9  HTTPCli_setProxy                      
20007a9d  jsmn_parse                            
20007daf  jsmn_init                             
20007dcd  _SlDrvMsgRead                         
200083b9  minit                                 
20008447  malloc                                
200084af  free                                  
20008571  realloc                               
2000867d  memalign                              
20008761  calloc                                
200087d1  GPIO_IF_LedConfigure                  
2000880f  GPIO_IF_LedOn                         
200088c3  GPIO_IF_LedOff                        
20008977  GPIO_IF_LedStatus                     
200089e1  GPIO_IF_LedToggle                     
20008a0f  GPIO_IF_GetPortNPin                   
20008a55  GPIO_IF_ConfigureNIntEnable           
20008a9d  GPIO_IF_Set                           
20008ae1  GPIO_IF_Get                           
20008b49  Ssock_construct                       
20008b89  Ssock_create                          
20008ba3  Ssock_delete                          
20008bcb  Ssock_destruct                        
20008c1d  Ssock_getSocket                       
20008c2b  Ssock_recv                            
20008c85  Ssock_recvall                         
20008cc9  Ssock_send                            
20008de3  Ssock_startSecure                     
20008e1d  InitTerm                              
20008e3b  Message                               
20008e5d  ClearTerm                             
20008e67  Error                                 
20008e9f  GetCmd                                
20008f45  TrimSpace                             
20008fdd  Report                                
2000909d  _SlDrvRxHdrRead                       
200092e5  sl_WlanConnect                        
20009529  __aeabi_uldivmod                      
2000971d  _SlDrvReleasePoolObj                  
200098ed  _SlDrvMsgWrite                        
20009ab9  __aeabi_dsub                          
20009ac3  __aeabi_dadd                          
20009cf1  Timer_IF_Init                         
20009d23  Timer_IF_IntSetup                     
20009d6f  Timer_IF_InterruptClear               
20009d87  Timer_IF_Start                        
20009da7  Timer_IF_Stop                         
20009db7  Timer_IF_DeInit                       
20009dd1  Timer_IF_ReLoad                       
20009de9  Timer_IF_GetCount                     
20009e09  _SlDrvWaitForPoolObj                  
20009f99  _SlDrvDriverCBInit                    
2000a121  _SlFindAndSetActiveObj                
2000a291  spi_Open                              
2000a3d5  __aeabi_ddiv                          
2000a50d  PRCMCC3200MCUInit                     
2000a641  _SlDrvDataReadOp                      
2000a76d  strtoul                               
2000a881  _Dscale                               
2000a991  _SlDrvDataWriteOp                     
2000aa99  sl_Connect                            
2000aba1  sl_Send                               
2000aca9  sl_NetAppDnsGetHostByName             
2000adad  _SlDrvDriverCBDeinit                  
2000aead  _SlDrvNetAppEventHandler              
2000afab  __aeabi_dmul                          
2000b0a9  spi_Read                              
2000b199  uDMAChannelTransferSet                
2000b289  _SlDrvClassifyRxMsg                   
2000b361  sl_Stop                               
2000b435  _sl_HandleAsync_DnsGetHostByService   
2000b4fd  _SlDrvMsgReadCmdCtx                   
2000b5bd  _SlRemoveFromList                     
2000b67d  _Dnorm                                
2000b73d  sl_Start                              
2000b7f9  _SlAsyncEventGenericHandler           
2000b8b1  sl_NetAppMDNSRegisterUnregisterService
2000b965  IntDisable                            
2000ba0d  IntEnable                             
2000bab5  SPIConfigSetExpClk                    
2000bb55  _SlDrvMsgReadSpawnCtx                 
2000bbf1  __aeabi_memcpy                        
2000bbf1  __aeabi_memcpy4                       
2000bbf1  __aeabi_memcpy8                       
2000bbf1  memcpy                                
2000bc8d  sl_DevGet                             
2000bd29  spi_Write                             
2000bdc1  PRCMPeripheralClockGet                
2000bf6d  _sl_HandleAsync_DnsGetHostByName      
2000bff9  _sl_HandleAsync_PingResponse          
2000c085  PinConfigSet                          
2000c10d  vsnprintf                             
2000c195  __aeabi_cdcmpeq                       
2000c195  __aeabi_cdcmple                       
2000c21b  __aeabi_cdrcmple                      
2000c2a1  NwpPowerOnPreamble                    
2000c325  GPIOIntTypeSet                        
2000c3a9  _SlDrvCmdOp                           
2000c529  _sl_HandleAsync_InitComplete          
2000c5a5  __aeabi_memclr                        
2000c5a5  __aeabi_memclr4                       
2000c5a5  __aeabi_memclr8                       
2000c5a7  __aeabi_memset                        
2000c5a7  __aeabi_memset4                       
2000c5a7  __aeabi_memset8                       
2000c5ad  memset                                
2000c621  _sl_HandleAsync_Connect               
2000c699  spi_Close                             
2000c711  UARTConfigSetExpClk                   
2000c789  sl_Recv                               
2000c7fd  TimerIntRegister                      
2000c86d  _SlNonOsMainLoopTask                  
2000c8dd  _SlDrvCmdSend                         
2000c949  __TI_auto_init                        
2000ca21  TimerIntUnregister                    
2000ca89  _sl_NetAppSendTokenValue              
2000caf1  sl_NetCfgSet                          
2000cb59  sl_SetSockOpt                         
2000cbc1  sl_WlanSet                            
2000cc29  _Dunscale                             
2000cc91  uDMAChannelAttributeDisable           
2000ccf5  uDMAChannelAttributeEnable            
2000cd59  _sl_HandleAsync_Accept                
2000cdb9  sprintf                               
2000ce19  sl_WlanPolicySet                      
2000ce79  _SlNonOsSemGet                        
2000ced5  _SlNonOsSpawn                         
2000cf31  sl_Socket                             
2000cf8d  IntPendClear                          
2000cfe5  PRCMPeripheralReset                   
2000d03d  ltoa                                  
2000d095  IntPrioritySet                        
2000d0e9  _sl_HandleAsync_Select                
2000d13d  sl_WlanRxFilterSet                    
2000d191  ldexp                                 
2000d1e5  _sl_HandleAsync_Stop                  
2000d235  _c_int00                              
2000d285  SPIIntEnable                          
2000d31d  _SlDrvProtectAsyncRespSetting         
2000d369  _SlDrvRxIrqHandler                    
2000d3b5  _sl_BuildAddress                      
2000d401  atoi                                  
2000d44d  copy_in                               
2000d499  uDMAChannelAssign                     
2000d52d  SPIIntClear                           
2000d575  _SlDrvBasicCmd                        
2000d5bd  __aeabi_d2iz                          
2000d649  TimerConfigure                        
2000d6d1  C$$EXIT                               
2000d6d5  abort                                 
2000d6dd  exit                                  
2000d715  sl_Htonl                              
2000d759  PinModeSet                            
2000d799  signal                                
2000d7d9  NwpRegisterInterruptHandler           
2000d817  CopyPingResultsToReport               
2000d855  PRCMPeripheralClkEnable               
2000d891  _sl_TruncatePayloadByProtocol         
2000d8cd  sl_Htons                              
2000d909  uDMAChannelControlSet                 
2000d945  NwpPowerOff                           
2000d97d  sl_NetAppMDNSUnRegisterService        
2000d9b5  PRCMPeripheralStatusGet               
2000d9e9  SPIFIFOLevelSet                       
2000da1d  feraiseexcept                         
2000da51  UARTDisable                           
2000da81  _SlDrvDeviceEventHandler              
2000dab1  _Dclass                               
2000dae1  _Feraise                              
2000db11  sl_Close                              
2000db41  sl_WlanProfileDel                     
2000db71  sl_WlanSetMode                        
2000dba1  __aeabi_i2d                           
2000dbcf  raise                                 
2000dbfd  NwpPowerOn                            
2000dc29  PRCMSysResetCauseGet                  
2000dc55  TimerLoadSet                          
2000dc7f  TimerPrescaleSet                      
2000dca9  frexp                                 
2000dcd5  PRCMPeripheralClkDisable              
2000dcfd  strncmp                               
2000dd25  DmaSpiSwIntHandler                    
2000dd49  IntUnregister                         
2000dd6d  UARTEnable                            
2000dd91  _SlDrvProtectionObjLockWaitForever    
2000ddb5  memmove                               
2000ddd9  SPIReset                              
2000ddfb  SPIWordCountSet                       
2000de1d  GPIOPinWrite                          
2000de3d  IntRegister                           
2000de5d  _SlDrvProtectionObjUnLock             
2000de7d  GPIOIntRegister                       
2000de9b  TimerDisable                          
2000deb9  TimerEnable                           
2000ded7  TimerIntStatus                        
2000def5  UARTCharPut                           
2000df13  _SlDrvObjLockWaitForever              
2000df31  _SlDrvSyncObjWaitForever              
2000df6d  TimerValueGet                         
2000df89  UARTCharGetNonBlocking                
2000dfa5  PinMuxConfig                          
2000dfc1  memccpy                               
2000dfdd  uDMAChannelEnable                     
2000dff9  GPIOIntEnable                         
2000e013  PinTypeUART                           
2000e02d  SPIDmaDisable                         
2000e047  SPIDmaEnable                          
2000e061  SPIFIFODisable                        
2000e07b  SPIFIFOEnable                         
2000e095  SPIIntUnregister                      
2000e0af  _SlDrvObjUnLock                       
2000e0c9  _SlDrvSyncObjSignal                   
2000e0e3  GPIOPinRead                           
2000e0fb  SPICSDisable                          
2000e113  SPICSEnable                           
2000e12b  SPIDisable                            
2000e143  SPIEnable                             
2000e15b  TimerIntDisable                       
2000e173  TimerIntEnable                        
2000e18b  UARTCharsAvail                        
2000e1a3  _SlNonOsSemSet                        
2000e1bd  _sl_GetStartResponseConvert           
2000e1d5  _args_main                            
2000e1ed  strcmp                                
2000e205  PRCMHIBRegRead                        
2000e21b  PRCMHIBRegWrite                       
2000e231  _SlDrvMemZero                         
2000e247  strchr                                
2000e25d  CPUcpsie                              
2000e271  GPIOIntClear                          
2000e285  IntVTableBaseSet                      
2000e299  _register_unlock                      
2000e29f  _register_lock                        
2000e2a7  _nop                                  
2000e2ad  strcpy                                
2000e2c1  strlen                                
2000e2d5  TimerIntClear                         
2000e2e7  _SlDrvResetCmdExt                     
2000e2f5  __TI_decompress_none                  
2000e303  ResetISR                              
2000e311  NwpMaskInterrupt                      
2000e31d  NwpUnMaskInterrupt                    
2000e329  __TI_zero_init                        
2000e335  sl_WlanDisconnect                     
2000e341  IntMasterEnable                       
2000e34b  UtilsDelay                            
2000e351  __TI_decompress_rle24                 
2000e357  _system_pre_init                      
2000e35c  _ctypes_                              
2000e88a  OpcodeTranslateTable                  
2000e8c6  _SlPolicySetCmdCtrl                   
2000e8ca  _SlPolicyGetCmdCtrl                   
2000e8ce  _SlProfileGetCmdCtrl                  
2000e8d2  _SlProfileDelCmdCtrl                  
2000e8d6  _SlWlanGetNetworkListCtrl             
2000e8da  _SlRxFilterAddtCmdCtrl                
2000e8de  _SlRxFilterSetCmdCtrl                 
2000e8e2  _SlRxFilterGetCmdCtrl                 
2000e8e6  _SlSmartConfigStartCmdCtrl            
2000e8ea  _SlWlanSetModeCmdCtrl                 
2000e8ee  _SlWlanCfgSetCmdCtrl                  
2000e8f2  _SlWlanCfgGetCmdCtrl                  
2000e904  _SlActionLookupTable                  
2000e93c  g_H2NSyncPattern                      
2000e944  g_H2NCnysPattern                      
2000e94c  RxMsgClassLUT                         
2000e970  _SlSockSocketCmdCtrl                  
2000e974  _SlSockCloseCmdCtrl                   
2000e978  _SlRecvfomCmdCtrl                     
2000e97c  _SlSendCmdCtrl                        
2000e980  _SlListenCmdCtrl                      
2000e984  _SlAcceptCmdCtrl                      
2000e988  _SlRecvCmdCtrl                        
2000e98c  _SlSetSockOptCmdCtrl                  
2000e990  _SlGetSockOptCmdCtrl                  
2000e994  _SlSelectCmdCtrl                      
2000e9d0  _SlNetAppStartCtrl                    
2000e9d4  _SlNetAppStopCtrl                     
2000e9d8  _SlGetServiceListeCtrl                
2000e9dc  _SlRegisterServiceCtrl                
2000e9e0  _SlGetHostByServiceCtrl               
2000e9e4  _SlGetHostByNameCtrl                  
2000e9e8  _SlNetAppSetCmdCtrl                   
2000e9ec  _SlNetAppSendTokenValueCmdCtrl        
2000e9f0  _SlNetAppGetCmdCtrl                   
2000ea58  _SlStopCmdCtrl                        
2000ea5c  _SlEventMaskSetCmdCtrl                
2000ea60  _SlEventMaskGetCmdCtrl                
2000ea64  _SlDeviceGetCmdCtrl                   
2000ea68  _SlDeviceSetCmdCtrl                   
2000ea6c  _SlPayloadByProtocolLUT               
2000ea8c  StartResponseLUT                      
2000ea9c  _SlNetCfgSetCmdCtrl                   
2000eaa0  _SlNetCfgGetCmdCtrl                   
2000eaa8  __TI_static_base__                    
2000eb0c  __TI_Handler_Table_Base               
2000eb18  __TI_Handler_Table_Limit              
2000eb20  __TI_CINIT_Base                       
2000eb30  __TI_CINIT_Limit                      
20017000  _sys_memory                           
20017800  g_buff                                
20017db8  g_StatMem                             
20017f20  g_ucDinDout                           
20017f70  g__SlNonOsCB                          
20017f98  g_ucConnectionSSID                    
20017fbc  g_ucConnectionBSSID                   
20017fcc  g_ulDestinationIP                     
20017fd0  RxIrqCnt                              
20017fd1  g_HTTP_SEND_FLAG                      
20017fd2  g_cDummy                              
20017fd3  g_ucLED1Pin                           
20017fd4  g_ucLED2Pin                           
20017fd5  g_ucLED3Pin                           
20018088  _Denorm                               
20018098  _Eps                                  
200180a8  _Hugeval                              
200180b8  _Inf                                  
200180c8  _Nan                                  
200180d8  _Snan                                 
200180e8  _Rteps                                
200180f8  _Xbig                                 
20018100  _Zero                                 
20018164  g_uiLED1Port                          
20018168  g_uiLED2Port                          
2001816c  g_uiLED3Port                          
20018180  g_ulStatus                            
20018184  g_ulGatewayIP                         
20018188  bytesReceived                         
20018198  g_SpiFd                               
2001819c  g_pHostIntHdl                         
200181a0  g_ucDMAEnabled                        
200181a4  g_pCB                                 
200181a8  pPingCallBackFunc                     
200181ac  gFirstCmdMode                         
200181b0  _lock                                 
200181b4  _unlock                               
200181b8  __TI_cleanup_ptr                      
200181bc  __TI_dtors_ptr                        
200181c0  _Fenv                                 
200181c4  _Tls_setup__Fenv                      
200181c8  _Errno                                
200181cc  main_func_sp                          
2002f800  __stack                               
20030000  __STACK_END                           
ffffffff  __binit__                             
ffffffff  __c_args__                            
ffffffff  binit                                 
UNDEFED   SHT$$INIT_ARRAY$$Base                 
UNDEFED   SHT$$INIT_ARRAY$$Limit                

[380 symbols]
